Microchip MPLAB XC8 Compiler V2.40

Linker command line:

-W-3 \
  --edf=C:\Program Files\Microchip\xc8\v2.40\pic\dat\20220703182018_en.msgs \
  -cn -h+dist/default/production\Sensor_Huella.X.production.sym \
  --cmf=dist/default/production\Sensor_Huella.X.production.cmf -z -Q18F4550 \
  -oC:\Users\CQ43\AppData\Local\Temp\xcAs5mc.5 --defsym=__MPLAB_BUILD=1 \
  --fixupoverflow=error \
  -Mdist/default/production/Sensor_Huella.X.production.map \
  --md=C:\Users\CQ43\AppData\Local\Temp\xcAs5mc.dat -E1 -ver=XC8 Compiler \
  --acfsm=1493 -ACODE=00h-07FFFh -ACONST=00h-07FFFh \
  -ASMALLCONST=0800h-08FFhx120 -AMEDIUMCONST=0800h-07FFFh -ACOMRAM=01h-05Fh \
  -AABS1=00h-07FFh -ABIGRAM=01h-07FFh -ARAM=060h-0FFh,0100h-01FFhx7 \
  -ABANK0=060h-0FFh -ABANK1=0100h-01FFh -ABANK2=0200h-02FFh \
  -ABANK3=0300h-03FFh -ABANK4=0400h-04FFh -ABANK5=0500h-05FFh \
  -ABANK6=0600h-06FFh -ABANK7=0700h-07FFh -ASFR=0F60h-0FFFh \
  -ABIGSFR=0F60h-0FFFh -ACONFIG=0300000h-030000Dh -AIDLOC=0200000h-0200007h \
  -AEEDATA=0F00000h-0F000FFh -peeprom_data=EEDATA \
  -preset_vec=00h,intcode=08h,intcodelo,powerup,init -pramtop=0800h \
  -psmallconst=SMALLCONST -pmediumconst=MEDIUMCONST -pconst=CONST \
  -AFARRAM=00h-00h \
  -prdata=COMRAM,nvrram=COMRAM,nvbit=COMRAM,rbss=COMRAM,rbit=COMRAM \
  -pfarbss=FARRAM,fardata=FARRAM,nvFARRAM=FARRAM \
  -pintsave_regs=BIGRAM,bigbss=BIGRAM,bigdata=BIGRAM -pbss=RAM \
  -pidata=CODE,irdata=CODE,ibigdata=CODE,ifardata=CODE -prparam=COMRAM \
  C:\Users\CQ43\AppData\Local\Temp\xcAs5mc.o \
  dist/default/production\Sensor_Huella.X.production.o 

Object code version is 3.11

Machine type is 18F4550



                Name                               Link     Load   Length Selector   Space Scale
C:\Users\CQ43\AppData\Local\Temp\xcAs5mc.o
                idloc                            200000   200000        8        0       5
                config                           300000   300000        E        0       4
                init                                  E        E        4        4       0
                reset_vec                             0        0        4        0       0
dist/default/production\Sensor_Huella.X.production.o
                intcode                               8        8        6        4       0
                idloc                            200000   200000        8        0       5
                config                           300000   300000        E        0       4
                temp                                 5D       5D        1        1       1
                mediumconst                        7D5C     7D5C      2A4     3EAE       0
                intcode_body                       1078     1078       2A        4       0
                text32                              E60      E60       3C        4       0
                text31                              C50      C50       58        4       0
                text30                              F44      F44       36        4       0
                text29                              FE2      FE2       34        4       0
                text28                              AE2      AE2       62        4       0
                text27                              FAE      FAE       34        4       0
                text26                              A7A      A7A       68        4       0
                text25                              D96      D96       4A        4       0
                text24                              B9E      B9E       5A        4       0
                text23                              978      978       82        4       0
                text22                              8EE      8EE       8A        4       0
                text21                              ED6      ED6       38        4       0
                text20                              BF8      BF8       58        4       0
                text19                             10EC     10EC       18        4       0
                text18                              DE0      DE0       42        4       0
                text17                              E9C      E9C       3A        4       0
                text16                              D4C      D4C       4A        4       0
                text15                              CFA      CFA       52        4       0
                text14                             10A2     10A2       26        4       0
                text13                             10C8     10C8       24        4       0
                text12                             1016     1016       32        4       0
                text11                              67A      67A       F8        4       0
                text10                              772      772       CE        4       0
                text9                               840      840       AE        4       0
                text8                              1104     1104        2        4       0
                text7                               9FA      9FA       80        4       0
                text6                               F7A      F7A       34        4       0
                text5                               B44      B44       5A        4       0
                text4                               3D6      3D6      18E        4       0
                text3                               564      564      116        4       0
                text2                               F0E      F0E       36        4       0
                text1                               E22      E22       3E        4       0
                text0                                12       12      3C4        4       0
                cstackCOMRAM                          1        1       56        1       1
                cstackBANK0                          D8       D8        E       60       1
                bssBANK1                            100      100       20      100       1
                dataBANK0                            A8       A8       30       60       1
                bssBANK0                             60       60       48       60       1
                bssCOMRAM                            57       57        6        1       1
                cinit                               CA8      CA8       52        4       0
                idataBANK0                         1048     1048       30        4       0

TOTAL           Name                               Link     Load   Length     Space
        CLASS   CODE           
                intcode                               8        8        6         0
                init                                  E        E        4         0
                reset_vec                             0        0        4         0
                intcode_body                       1078     1078       2A         0
                text32                              E60      E60       3C         0
                text31                              C50      C50       58         0
                text30                              F44      F44       36         0
                text29                              FE2      FE2       34         0
                text28                              AE2      AE2       62         0
                text27                              FAE      FAE       34         0
                text26                              A7A      A7A       68         0
                text25                              D96      D96       4A         0
                text24                              B9E      B9E       5A         0
                text23                              978      978       82         0
                text22                              8EE      8EE       8A         0
                text21                              ED6      ED6       38         0
                text20                              BF8      BF8       58         0
                text19                             10EC     10EC       18         0
                text18                              DE0      DE0       42         0
                text17                              E9C      E9C       3A         0
                text16                              D4C      D4C       4A         0
                text15                              CFA      CFA       52         0
                text14                             10A2     10A2       26         0
                text13                             10C8     10C8       24         0
                text12                             1016     1016       32         0
                text11                              67A      67A       F8         0
                text10                              772      772       CE         0
                text9                               840      840       AE         0
                text8                              1104     1104        2         0
                text7                               9FA      9FA       80         0
                text6                               F7A      F7A       34         0
                text5                               B44      B44       5A         0
                text4                               3D6      3D6      18E         0
                text3                               564      564      116         0
                text2                               F0E      F0E       36         0
                text1                               E22      E22       3E         0
                text0                                12       12      3C4         0
                cinit                               CA8      CA8       52         0
                idataBANK0                         1048     1048       30         0

        CLASS   CONST          

        CLASS   SMALLCONST     

        CLASS   MEDIUMCONST    
                mediumconst                        7D5C     7D5C      2A4         0

        CLASS   COMRAM         
                temp                                 5D       5D        1         1
                cstackCOMRAM                          1        1       56         1
                bssCOMRAM                            57       57        6         1

        CLASS   ABS1           

        CLASS   BIGRAM         

        CLASS   RAM            

        CLASS   BANK0          
                cstackBANK0                          D8       D8        E         1
                dataBANK0                            A8       A8       30         1
                bssBANK0                             60       60       48         1

        CLASS   BANK1          
                bssBANK1                            100      100       20         1

        CLASS   BANK2          

        CLASS   BANK3          

        CLASS   BANK4          

        CLASS   BANK5          

        CLASS   BANK6          

        CLASS   BANK7          

        CLASS   SFR            

        CLASS   BIGSFR         

        CLASS   CONFIG         
                config                           300000   300000        E         4

        CLASS   IDLOC          
                idloc                            200000   200000        8         5

        CLASS   EEDATA         

        CLASS   FARRAM         

        CLASS   HEAP           

        CLASS   STACK          



SEGMENTS        Name                           Load    Length   Top    Selector   Space  Class

                reset_vec                      000000  000004  000004         0       0  CODE    
                cstackCOMRAM                   000001  00005D  00005E         1       1  COMRAM  
                intcode                        000008  0010FE  001106         4       0  CODE    
                bssBANK0                       000060  000086  0000E6        60       1  BANK0   
                bssBANK1                       000100  000020  000120       100       1  BANK1   
                mediumconst                    007D5C  0002A4  008000      3EAE       0  MEDIUMCO


UNUSED ADDRESS RANGES

        Name                Unused          Largest block    Delta
        BANK0            0000E6-0000FF               1A
        BANK1            000120-0001FF               E0
        BANK2            000200-0002FF              100
        BANK3            000300-0003FF              100
        BANK4            000400-0004FF              100
        BANK5            000500-0005FF              100
        BANK6            000600-0006FF              100
        BANK7            000700-0007FF              100
        BIGRAM           00005E-00005F                2
                         0000E6-0000FF               1A
                         000120-0007FF              6E0
        BIGSFR           000F60-000FFF               A0
        CODE             000004-000007                4
                         001106-007D5B             6C56
        COMRAM           00005E-00005F                2
        CONST            000004-000007                4
                         001106-007D5B             6C56
        EEDATA           F00000-F000FF              100
        MEDIUMCONST      001106-007D5B             6C56
        RAM              0000E6-0000FF               1A
                         000120-0007FF              100
        SFR              000F60-000FFF               A0
        SMALLCONST       001106-007D5B              100

                                  Symbol Table

?_Fingerprint_Get_ID                  cstackCOMRAM 00000A
?___lldiv                             cstackCOMRAM 000003
?___lodiv                             cstackCOMRAM 000003
?___lomod                             cstackCOMRAM 000003
?___wmul                              cstackCOMRAM 000003
?_atoi                                cstackCOMRAM 000009
?_isdigit                             cstackCOMRAM 000003
?_isspace                             cstackCOMRAM 000003
?_sprintf                             cstackCOMRAM 000050
?_vfprintf                            cstackCOMRAM 00004A
Fingerprint_DeleteModel@id            cstackCOMRAM 000008
Fingerprint_GetTemplateCount@usr      cstackCOMRAM 000009
Fingerprint_Get_ID@page_id            cstackCOMRAM 00000E
Fingerprint_Image2Tz@n                cstackCOMRAM 000009
Fingerprint_Init@baud                 cstackCOMRAM 000010
Fingerprint_Init@vx                   cstackCOMRAM 000018
Fingerprint_Send_Buffer@buf           cstackCOMRAM 000003
Fingerprint_Send_Buffer@i             cstackCOMRAM 000006
Fingerprint_Send_Buffer@size          cstackCOMRAM 000005
Fingerprint_StoreModel@id             cstackCOMRAM 000008
S_Uart_Read@Data                      cstackCOMRAM 000003
S_Uart_Read@mask                      cstackCOMRAM 000004
S_Uart_Read_String@c                  cstackCOMRAM 000007
S_Uart_Read_String@cont_buf           cstackCOMRAM 000008
S_Uart_Read_String@size               cstackCOMRAM 000006
S_Uart_Read_String@str                cstackCOMRAM 000005
S_Uart_Send_Char@Data                 cstackCOMRAM 000003
S_Uart_Send_Char@mask                 cstackCOMRAM 000004
S_Uart_Send_String@Text               cstackCOMRAM 000005
_ADCON1bits                           (abs)        000FC1
_BAUDCON                              (abs)        000FB8
_BAUDCONbits                          (abs)        000FB8
_Fingerprint_DeleteModel              text31       000C50
_Fingerprint_EmptyDatabase            text30       000F44
_Fingerprint_GetImage                 text27       000FAE
_Fingerprint_GetModel                 text29       000FE2
_Fingerprint_GetTemplateCount         text28       000AE2
_Fingerprint_Get_ID                   text24       000B9E
_Fingerprint_Image2Tz                 text26       000A7A
_Fingerprint_Init                     text22       0008EE
_Fingerprint_Read_Parameters          text21       000ED6
_Fingerprint_Search                   text25       000D96
_Fingerprint_Send_Buffer              text32       000E60
_Fingerprint_StoreModel               text20       000BF8
_INTCONbits                           (abs)        000FF2
_INT_UART_RX                          intcode      000008
_LATDbits                             (abs)        000F8C
_PIE1bits                             (abs)        000F9D
_PIR1bits                             (abs)        000F9E
_PORTDbits                            (abs)        000F83
_RCREG                                (abs)        000FAE
_RCSTA                                (abs)        000FAB
_SPBRG                                (abs)        000FAF
_SPBRGH                               (abs)        000FB0
_S_Uart_Init                          text19       0010EC
_S_Uart_Read                          text18       000DE0
_S_Uart_Read_String                   text17       000E9C
_S_Uart_Send_Char                     text16       000D4C
_S_Uart_Send_String                   text15       000CFA
_TRISCbits                            (abs)        000F94
_TRISDbits                            (abs)        000F95
_TXREG                                (abs)        000FAD
_TXSTA                                (abs)        000FAC
_TXSTAbits                            (abs)        000FAC
__HRAM                                (abs)        000000
__Habs1                               abs1         000000
__Hbank0                              bank0        000000
__Hbank1                              bank1        000000
__Hbank2                              bank2        000000
__Hbank3                              bank3        000000
__Hbank4                              bank4        000000
__Hbank5                              bank5        000000
__Hbank6                              bank6        000000
__Hbank7                              bank7        000000
__Hbigbss                             bigbss       000000
__Hbigdata                            bigdata      000000
__Hbigram                             bigram       000000
__Hbigsfr                             bigsfr       000000
__Hbss                                bss          000000
__HbssBANK0                           bssBANK0     000000
__HbssBANK1                           bssBANK1     000000
__HbssCOMRAM                          bssCOMRAM    000000
__Hcinit                              cinit        000000
__Hclrtext                            clrtext      000000
__Hcomram                             comram       000000
__Hconfig                             config       30000E
__Hconst                              const        000000
__HcstackBANK0                        cstackBANK0  000000
__HcstackCOMRAM                       cstackCOMRAM 000000
__Hdata                               data         000000
__HdataBANK0                          dataBANK0    000000
__Heeprom_data                        eeprom_data  000000
__Hfarbss                             farbss       000000
__Hfardata                            fardata      000000
__Hheap                               heap         000000
__Hibigdata                           ibigdata     000000
__Hidata                              idata        000000
__HidataBANK0                         idataBANK0   000000
__Hidloc                              idloc        200008
__Hifardata                           ifardata     000000
__Hinit                               init         000012
__Hintcode                            intcode      00000E
__Hintcode_body                       intcode_body 000000
__Hintcodelo                          intcodelo    00000E
__Hintentry                           intentry     000000
__Hintret                             intret       000000
__Hintsave_regs                       intsave_regs 000000
__Hirdata                             irdata       000000
__Hmediumconst                        mediumconst  008000
__HnvFARRAM                           nvFARRAM     000000
__Hnvbit                              nvbit        000000
__Hnvrram                             nvrram       000000
__Hparam                              rparam       000000
__Hpowerup                            powerup      00000E
__Hram                                ram          000000
__Hramtop                             ramtop       000800
__Hrbit                               rbit         000000
__Hrbss                               rbss         000000
__Hrdata                              rdata        000000
__Hreset_vec                          reset_vec    000004
__Hrparam                             rparam       000000
__Hsfr                                sfr          000000
__Hsmallconst                         smallconst   000000
__Hspace_0                            (abs)        008000
__Hspace_1                            (abs)        000120
__Hspace_2                            (abs)        000000
__Hspace_4                            (abs)        60000E
__Hstack                              stack        000000
__Hstruct                             struct       000000
__Htemp                               temp         00005E
__Htext                               text         000000
__Htext0                              text0        000000
__Htext1                              text1        000000
__Htext10                             text10       000000
__Htext11                             text11       000000
__Htext12                             text12       000000
__Htext13                             text13       000000
__Htext14                             text14       000000
__Htext15                             text15       000000
__Htext16                             text16       000000
__Htext17                             text17       000000
__Htext18                             text18       000000
__Htext19                             text19       000000
__Htext2                              text2        000000
__Htext20                             text20       000000
__Htext21                             text21       000000
__Htext22                             text22       000000
__Htext23                             text23       000000
__Htext24                             text24       000000
__Htext25                             text25       000000
__Htext26                             text26       000000
__Htext27                             text27       000000
__Htext28                             text28       000000
__Htext29                             text29       000000
__Htext3                              text3        000000
__Htext30                             text30       000000
__Htext31                             text31       000000
__Htext32                             text32       000000
__Htext4                              text4        000000
__Htext5                              text5        000000
__Htext6                              text6        000000
__Htext7                              text7        000000
__Htext8                              text8        000000
__Htext9                              text9        000000
__LRAM                                (abs)        000001
__Labs1                               abs1         000000
__Lbank0                              bank0        000000
__Lbank1                              bank1        000000
__Lbank2                              bank2        000000
__Lbank3                              bank3        000000
__Lbank4                              bank4        000000
__Lbank5                              bank5        000000
__Lbank6                              bank6        000000
__Lbank7                              bank7        000000
__Lbigbss                             bigbss       000000
__Lbigdata                            bigdata      000000
__Lbigram                             bigram       000000
__Lbigsfr                             bigsfr       000000
__Lbss                                bss          000000
__LbssBANK0                           bssBANK0     000000
__LbssBANK1                           bssBANK1     000000
__LbssCOMRAM                          bssCOMRAM    000000
__Lcinit                              cinit        000000
__Lclrtext                            clrtext      000000
__Lcomram                             comram       000000
__Lconfig                             config       000000
__Lconst                              const        000000
__LcstackBANK0                        cstackBANK0  000000
__LcstackCOMRAM                       cstackCOMRAM 000000
__Ldata                               data         000000
__LdataBANK0                          dataBANK0    000000
__Leeprom_data                        eeprom_data  000000
__Lfarbss                             farbss       000000
__Lfardata                            fardata      000000
__Lheap                               heap         000000
__Libigdata                           ibigdata     000000
__Lidata                              idata        000000
__LidataBANK0                         idataBANK0   000000
__Lidloc                              idloc        000000
__Lifardata                           ifardata     000000
__Linit                               init         00000E
__Lintcode                            intcode      000008
__Lintcode_body                       intcode_body 000000
__Lintcodelo                          intcodelo    00000E
__Lintentry                           intentry     000000
__Lintret                             intret       000000
__Lintsave_regs                       intsave_regs 000000
__Lirdata                             irdata       000000
__Lmediumconst                        mediumconst  007D5C
__LnvFARRAM                           nvFARRAM     000000
__Lnvbit                              nvbit        000000
__Lnvrram                             nvrram       000000
__Lparam                              rparam       000000
__Lpowerup                            powerup      00000E
__Lram                                ram          000000
__Lramtop                             ramtop       000800
__Lrbit                               rbit         000000
__Lrbss                               rbss         000000
__Lrdata                              rdata        000000
__Lreset_vec                          reset_vec    000000
__Lrparam                             rparam       000000
__Lsfr                                sfr          000000
__Lsmallconst                         smallconst   000000
__Lspace_0                            (abs)        000000
__Lspace_1                            (abs)        000000
__Lspace_2                            (abs)        000000
__Lspace_4                            (abs)        000000
__Lstack                              stack        000000
__Lstruct                             struct       000000
__Ltemp                               temp         00005D
__Ltext                               text         000000
__Ltext0                              text0        000000
__Ltext1                              text1        000000
__Ltext10                             text10       000000
__Ltext11                             text11       000000
__Ltext12                             text12       000000
__Ltext13                             text13       000000
__Ltext14                             text14       000000
__Ltext15                             text15       000000
__Ltext16                             text16       000000
__Ltext17                             text17       000000
__Ltext18                             text18       000000
__Ltext19                             text19       000000
__Ltext2                              text2        000000
__Ltext20                             text20       000000
__Ltext21                             text21       000000
__Ltext22                             text22       000000
__Ltext23                             text23       000000
__Ltext24                             text24       000000
__Ltext25                             text25       000000
__Ltext26                             text26       000000
__Ltext27                             text27       000000
__Ltext28                             text28       000000
__Ltext29                             text29       000000
__Ltext3                              text3        000000
__Ltext30                             text30       000000
__Ltext31                             text31       000000
__Ltext32                             text32       000000
__Ltext4                              text4        000000
__Ltext5                              text5        000000
__Ltext6                              text6        000000
__Ltext7                              text7        000000
__Ltext8                              text8        000000
__Ltext9                              text9        000000
__S0                                  (abs)        008000
__S1                                  (abs)        000120
__S4                                  (abs)        000000
__S5                                  (abs)        000000
___heap_hi                            (abs)        000000
___heap_lo                            (abs)        000000
___inthi_sp                           stack        000000
___intlo_sp                           stack        000000
___lldiv                              text23       000978
___lldiv@counter                      cstackCOMRAM 00000F
___lldiv@dividend                     cstackCOMRAM 000003
___lldiv@divisor                      cstackCOMRAM 000007
___lldiv@quotient                     cstackCOMRAM 00000B
___lodiv                              text10       000772
___lodiv@counter                      cstackCOMRAM 00001B
___lodiv@dividend                     cstackCOMRAM 000003
___lodiv@divisor                      cstackCOMRAM 00000B
___lodiv@quotient                     cstackCOMRAM 000013
___lomod                              text9        000840
___lomod@counter                      cstackCOMRAM 000013
___lomod@dividend                     cstackCOMRAM 000003
___lomod@divisor                      cstackCOMRAM 00000B
___param_bank                         (abs)        000000
___rparam_used                        (abs)        000001
___sp                                 stack        000000
___wmul                               text14       0010A2
___wmul@multiplicand                  cstackCOMRAM 000005
___wmul@multiplier                    cstackCOMRAM 000003
___wmul@product                       cstackCOMRAM 000007
__accesstop                           (abs)        000060
__activetblptr                        (abs)        000002
__end_of_Fingerprint_DeleteModel      text31       000CA8
__end_of_Fingerprint_EmptyDatabase    text30       000F7A
__end_of_Fingerprint_GetImage         text27       000FE2
__end_of_Fingerprint_GetModel         text29       001016
__end_of_Fingerprint_GetTemplateCount text28       000B44
__end_of_Fingerprint_Get_ID           text24       000BF8
__end_of_Fingerprint_Image2Tz         text26       000AE2
__end_of_Fingerprint_Init             text22       000978
__end_of_Fingerprint_Read_Parameters  text21       000F0E
__end_of_Fingerprint_Search           text25       000DE0
__end_of_Fingerprint_Send_Buffer      text32       000E9C
__end_of_Fingerprint_StoreModel       text20       000C50
__end_of_INT_UART_RX                  intcode_body 0010A2
__end_of_S_Uart_Init                  text19       001104
__end_of_S_Uart_Read                  text18       000E22
__end_of_S_Uart_Read_String           text17       000ED6
__end_of_S_Uart_Send_Char             text16       000D96
__end_of_S_Uart_Send_String           text15       000D4C
__end_of___lldiv                      text23       0009FA
__end_of___lodiv                      text10       000840
__end_of___lomod                      text9        0008EE
__end_of___wmul                       text14       0010C8
__end_of__initialization              cinit        000CEC
__end_of_atoi                         text11       000772
__end_of_finger_delete_all            mediumconst  007D83
__end_of_finger_detect                mediumconst  007DA7
__end_of_finger_get_model             mediumconst  007D9B
__end_of_finger_img2tz_1              mediumconst  007D77
__end_of_finger_img2tz_2              mediumconst  007D6A
__end_of_finger_read_data             mediumconst  007DB3
__end_of_finger_template              mediumconst  007D8F
__end_of_fputc                        text7        000A7A
__end_of_fputs                        text6        000FAE
__end_of_isdigit                      text13       0010EC
__end_of_isspace                      text12       001048
__end_of_main                         text0        0003D6
__end_of_pad                          text5        000B9E
__end_of_putch                        text8        001106
__end_of_sprintf                      text1        000E60
__end_of_utoa                         text4        000564
__end_of_vfpfcnvrt                    text3        00067A
__end_of_vfprintf                     text2        000F44
__initialization                      cinit        000CA8
__mediumconst                         mediumconst  007D5C
__pbssBANK0                           bssBANK0     000060
__pbssBANK1                           bssBANK1     000100
__pbssCOMRAM                          bssCOMRAM    000057
__pcinit                              cinit        000CA8
__pcstackBANK0                        cstackBANK0  0000D8
__pcstackCOMRAM                       cstackCOMRAM 000001
__pdataBANK0                          dataBANK0    0000A8
__pidataBANK0                         idataBANK0   001048
__pintcode                            intcode      000008
__pintcode_body                       intcode_body 001078
__pmediumconst                        mediumconst  007D5C
__ptext0                              text0        000012
__ptext1                              text1        000E22
__ptext10                             text10       000772
__ptext11                             text11       00067A
__ptext12                             text12       001016
__ptext13                             text13       0010C8
__ptext14                             text14       0010A2
__ptext15                             text15       000CFA
__ptext16                             text16       000D4C
__ptext17                             text17       000E9C
__ptext18                             text18       000DE0
__ptext19                             text19       0010EC
__ptext2                              text2        000F0E
__ptext20                             text20       000BF8
__ptext21                             text21       000ED6
__ptext22                             text22       0008EE
__ptext23                             text23       000978
__ptext24                             text24       000B9E
__ptext25                             text25       000D96
__ptext26                             text26       000A7A
__ptext27                             text27       000FAE
__ptext28                             text28       000AE2
__ptext29                             text29       000FE2
__ptext3                              text3        000564
__ptext30                             text30       000F44
__ptext31                             text31       000C50
__ptext32                             text32       000E60
__ptext4                              text4        0003D6
__ptext5                              text5        000B44
__ptext6                              text6        000F7A
__ptext7                              text7        0009FA
__ptext8                              text8        001104
__ptext9                              text9        000840
__ramtop                              ramtop       000800
__smallconst                          smallconst   000000
_atoi                                 text11       00067A
_buf_rx                               bssBANK0     0000A2
_buf_tx                               bssBANK0     000084
_c_delete                             bssBANK0     000082
_c_empty                              bssCOMRAM    00005A
_c_store                              bssBANK0     000083
_checksum                             bssCOMRAM    000057
_cont_rx                              bssCOMRAM    000059
_dbuf                                 bssBANK1     000100
_enter_id                             bssCOMRAM    00005C
_finger_delete                        dataBANK0    0000B9
_finger_delete_all                    mediumconst  007D77
_finger_detect                        mediumconst  007D9B
_finger_get_model                     mediumconst  007D8F
_finger_img2tz_1                      mediumconst  007D6A
_finger_img2tz_2                      mediumconst  007D5D
_finger_read_data                     mediumconst  007DA7
_finger_sh                            dataBANK0    0000A8
_finger_size_l                        bssBANK0     000081
_finger_store_model                   dataBANK0    0000C9
_finger_template                      mediumconst  007D83
_flags                                bssBANK0     000080
_fputc                                text7        0009FA
_fputs                                text6        000F7A
_isdigit                              text13       0010C8
_isspace                              text12       001016
_isspace$1209                         cstackCOMRAM 000007
_main                                 text0        000012
_n_users                              bssCOMRAM    00005B
_pad                                  text5        000B44
_prec                                 bssBANK0     00007E
_putch                                text8        001104
_request_fingerprint                  bssBANK0     000060
_sprintf                              text1        000E22
_utoa                                 text4        0003D6
_vfpfcnvrt                            text3        000564
_vfprintf                             text2        000F0E
_width                                bssBANK0     00007C
atoi@n                                cstackCOMRAM 000010
atoi@neg                              cstackCOMRAM 00000E
atoi@s                                cstackCOMRAM 000009
btemp                                 temp         00005D
end_of_initialization                 cinit        000CEC
fputc@c                               cstackCOMRAM 000003
fputc@fp                              cstackCOMRAM 000005
fputs@c                               cstackCOMRAM 00000E
fputs@fp                              cstackCOMRAM 00000D
fputs@i                               cstackCOMRAM 00000F
fputs@s                               cstackCOMRAM 00000B
int$flags                             temp         00005D
int_func                              intcode_body 001078
intlevel0                             text         000000
intlevel1                             text         000000
intlevel2                             text         000000
intlevel3                             text         000000
isa$std                               (abs)        000001
isa$xinst                             (abs)        000000
isdigit@c                             cstackCOMRAM 000003
isspace@c                             cstackCOMRAM 000003
main@id                               cstackBANK0  0000E4
pad@buf                               cstackCOMRAM 000012
pad@fp                                cstackCOMRAM 000011
pad@i                                 cstackCOMRAM 000017
pad@p                                 cstackCOMRAM 000014
pad@w                                 cstackCOMRAM 000019
sprintf@ap                            cstackBANK0  0000D8
sprintf@f                             cstackBANK0  0000D9
sprintf@fmt                           cstackCOMRAM 000051
sprintf@s                             cstackCOMRAM 000050
stackhi                               (abs)        000000
stacklo                               (abs)        000000
start                                 init         00000E
start_initialization                  cinit        000CA8
ttemp5                                temp         00005E
ttemp6                                temp         000061
ttemp7                                temp         000065
utoa@d                                cstackCOMRAM 00001D
utoa@fp                               cstackCOMRAM 00001C
utoa@i                                cstackCOMRAM 000039
utoa@n                                cstackCOMRAM 000031
utoa@p                                cstackCOMRAM 00002F
utoa@w                                cstackCOMRAM 00002D
vfpfcnvrt@ap                          cstackCOMRAM 00003D
vfpfcnvrt@convarg                     cstackCOMRAM 000040
vfpfcnvrt@cp                          cstackCOMRAM 000048
vfpfcnvrt@fmt                         cstackCOMRAM 00003C
vfpfcnvrt@fp                          cstackCOMRAM 00003B
vfprintf@ap                           cstackCOMRAM 00004D
vfprintf@cfmt                         cstackCOMRAM 00004E
vfprintf@fmt                          cstackCOMRAM 00004B
vfprintf@fp                           cstackCOMRAM 00004A
wtemp8                                temp         00005E


MODULE INFORMATION

Module		Function		Class		Link	Load	Size
C:\Program Files\Microchip\xc8\v2.40\pic\sources\c99\common\nf_fputc.c
		_fputc         		CODE           	09FA	0000	128

C:\Program Files\Microchip\xc8\v2.40\pic\sources\c99\common\nf_fputc.c estimated size: 128

C:\Program Files\Microchip\xc8\v2.40\pic\sources\c99\common\nf_sprintf.c
		_sprintf       		CODE           	0E22	0000	62

C:\Program Files\Microchip\xc8\v2.40\pic\sources\c99\common\nf_sprintf.c estimated size: 62

C:\Program Files\Microchip\xc8\v2.40\pic\sources\c99\common\isspace.c
		_isspace       		CODE           	1016	0000	50

C:\Program Files\Microchip\xc8\v2.40\pic\sources\c99\common\isspace.c estimated size: 50

C:\Program Files\Microchip\xc8\v2.40\pic\sources\c99\common\atoi.c
		_atoi          		CODE           	067A	0000	248

C:\Program Files\Microchip\xc8\v2.40\pic\sources\c99\common\atoi.c estimated size: 248

C:\Program Files\Microchip\xc8\v2.40\pic\sources\c99\common\Umul16.c
		___wmul        		CODE           	10A2	0000	38

C:\Program Files\Microchip\xc8\v2.40\pic\sources\c99\common\Umul16.c estimated size: 38

uart_soft.c
		_S_Uart_Read_String		CODE           	0E9C	0000	58
		_S_Uart_Send_String		CODE           	0CFA	0000	82
		_S_Uart_Read   		CODE           	0DE0	0000	66
		_S_Uart_Init   		CODE           	10EC	0000	24
		_S_Uart_Send_Char		CODE           	0D4C	0000	74

uart_soft.c estimated size: 304

fingerprint.c
		_Fingerprint_StoreModel		CODE           	0BF8	0000	88
		_Fingerprint_GetModel		CODE           	0FE2	0000	52
		_Fingerprint_Send_Buffer		CODE           	0E60	0000	60
		_Fingerprint_Init		CODE           	08EE	0000	138
		_Fingerprint_EmptyDatabase		CODE           	0F44	0000	54
		_Fingerprint_Get_ID		CODE           	0B9E	0000	90
		_Fingerprint_GetImage		CODE           	0FAE	0000	52
		_Fingerprint_Image2Tz		CODE           	0A7A	0000	104
		_INT_UART_RX   		CODE           	0008	0000	48
		_Fingerprint_Search		CODE           	0D96	0000	74
		_Fingerprint_Read_Parameters		CODE           	0ED6	0000	56
		_Fingerprint_DeleteModel		CODE           	0C50	0000	88
		_Fingerprint_GetTemplateCount		CODE           	0AE2	0000	98

fingerprint.c estimated size: 1002

C:\Program Files\Microchip\xc8\v2.40\pic\sources\c99\common\__lldiv.c
		___lldiv       		CODE           	0978	0000	130

C:\Program Files\Microchip\xc8\v2.40\pic\sources\c99\common\__lldiv.c estimated size: 130

C:\Program Files\Microchip\xc8\v2.40\pic\sources\c99\common\isdigit.c
		_isdigit       		CODE           	10C8	0000	36

C:\Program Files\Microchip\xc8\v2.40\pic\sources\c99\common\isdigit.c estimated size: 36

Sensor_Huella.c
		_main          		CODE           	0012	0000	964

Sensor_Huella.c estimated size: 964

C:\Program Files\Microchip\xc8\v2.40\pic\sources\c99\common\nf_fputs.c
		_fputs         		CODE           	0F7A	0000	52

C:\Program Files\Microchip\xc8\v2.40\pic\sources\c99\common\nf_fputs.c estimated size: 52

C:\Program Files\Microchip\xc8\v2.40\pic\sources\c99\common\lomod.c
		___lomod       		CODE           	0840	0000	174

C:\Program Files\Microchip\xc8\v2.40\pic\sources\c99\common\lomod.c estimated size: 174

shared
		_finger_read_data		MEDIUMCONST    	7DA7	0000	12
		_finger_get_model		MEDIUMCONST    	7D8F	0000	12
		_finger_detect 		MEDIUMCONST    	7D9B	0000	12
		_finger_delete_all		MEDIUMCONST    	7D77	0000	12
		_finger_img2tz_1		MEDIUMCONST    	7D6A	0000	13
		_finger_img2tz_2		MEDIUMCONST    	7D5D	0000	13
		__initialization		CODE           	0CA8	0000	68
		_finger_template		MEDIUMCONST    	7D83	0000	12

shared estimated size: 154

C:\Program Files\Microchip\xc8\v2.40\pic\sources\c99\common\putch.c
		_putch         		CODE           	1104	0000	2

C:\Program Files\Microchip\xc8\v2.40\pic\sources\c99\common\putch.c estimated size: 2

C:\Program Files\Microchip\xc8\v2.40\pic\sources\c99\common\doprnt.c
		_vfpfcnvrt     		CODE           	0564	0000	278
		_pad           		CODE           	0B44	0000	90
		_vfprintf      		CODE           	0F0E	0000	54
		_utoa          		CODE           	03D6	0000	398

C:\Program Files\Microchip\xc8\v2.40\pic\sources\c99\common\doprnt.c estimated size: 820

C:\Program Files\Microchip\xc8\v2.40\pic\sources\c99\common\lodiv.c
		___lodiv       		CODE           	0772	0000	206

C:\Program Files\Microchip\xc8\v2.40\pic\sources\c99\common\lodiv.c estimated size: 206

